
============================================================
🎮 CRACKHUB — KEY GATED ACCOUNT GENERATOR
============================================================
🚀 Server:   http://localhost:8080
🔑 Login:    http://localhost:8080/login
🛍️  Store:    http://localhost:8080/
🛡️  Admin:    http://localhost:8080/admin.html
🧾 Support:  http://localhost:8080/support
============================================================
🔐 ADMIN KEY: ADMIN-97F6A0-826E40


🎬 Netflix API called
✅ Found nft.json at: C:\Users\n0body\Desktop\alfie-premium-master\CrackHub\public\Acccounts\nft.json
📚 Loaded 893 Netflix accounts from nft.json
🎲 Using SMART selection
🎬 Attempt 1/893: Testing account...
❌ Attempt 1: No token found in response
🎬 Attempt 2/893: Testing account...
❌ Attempt 2: No token found in response
🎬 Attempt 3/893: Testing account...
❌ Attempt 3: No token found in response
🎬 Attempt 4/893: Testing account...
❌ Attempt 4: No token found in response
🎬 Attempt 5/893: Testing account...
❌ Attempt 5: No token found in response
🎬 Attempt 6/893: Testing account...
❌ Attempt 6: No token found in response
🎬 Attempt 7/893: Testing account...
❌ Attempt 7: No token found in response
🎬 Attempt 8/893: Testing account...
❌ Attempt 8: No token found in response
🎬 Attempt 9/893: Testing account...
❌ Attempt 9: No token found in response
🎬 Attempt 10/893: Testing account...
❌ Attempt 10: No token found in response
🎬 Attempt 11/893: Testing account...
✅ Working Netflix account found!
📱 Generating QR code...
✅ QR generated (14078 chars)
✅ Sending Netflix account: silvioesabrinasr@gmail.com
